(base) sachinsabariram@Sachins-MacBook-Air task-7 % ./solution.sh 
Initializing new Git repo - 'cherry-pick-repo':
Initialized empty Git repository in /Users/sachinsabariram/Desktop/Presedio/Presedio-PreInternship/Version-control/task-7/cherry-pick-repo/.git/

Creating the initial commit on main:
[main (root-commit) a81f20a] Initial commit with basic app structure
 1 file changed, 1 insertion(+)
 create mode 100644 app.py

Creating and switching to feature_branch...
Switched to a new branch 'feature_branch'

Adding a new feature to feature_branch...
[feature_branch d77af83] Added new feature logic
 1 file changed, 1 insertion(+)

Fixing a database connection issue (important bug fix)...
[feature_branch b8d1cf1] Fixed database connection issue
 1 file changed, 1 insertion(+)

>>> Commit history before cherry-picking:
* b8d1cf1 (HEAD -> feature_branch) Fixed database connection issue
* d77af83 Added new feature logic
* a81f20a (main) Initial commit with basic app structure

Switching back to main...
Switched to branch 'main'

Cherry-picking the bug fix commit into main...
Auto-merging app.py
CONFLICT (content): Merge conflict in app.py
error: could not apply b8d1cf1... Fixed database connection issue
hint: After resolving the conflicts, mark them with
hint: "git add/rm <pathspec>", then run
hint: "git cherry-pick --continue".
hint: You can instead skip this commit with "git cherry-pick --skip".
hint: To abort and get back to the state before "git cherry-pick",
hint: run "git cherry-pick --abort".
(base) sachinsabariram@Sachins-MacBook-Air task-7 % cd cherry-pick-repo 
(base) sachinsabariram@Sachins-MacBook-Air cherry-pick-repo % git add .
(base) sachinsabariram@Sachins-MacBook-Air cherry-pick-repo % git cherry-pick --continue
[main acbb2de] Merged with Fixed database connection
 Date: Wed Mar 19 22:30:11 2025 +0530
 1 file changed, 1 insertion(+)
(base) sachinsabariram@Sachins-MacBook-Air cherry-pick-repo % git log --oneline --graph --decorate --all
* acbb2de (HEAD -> main) Merged with Fixed database connection
| * b8d1cf1 (feature_branch) Fixed database connection issue
| * d77af83 Added new feature logic
|/  
* a81f20a Initial commit with basic app structure